[0 0 0 0 0 0 0 0 0 0 0 0 0 0 0 0 0 0 0 0 0 0 0 0 0 0 0 0 0 0 0 0 0 0 0 0 0 0 0 0 0 0 0 0 0 0 0 0 0 0 0 0 0 0 0 0 0 0 0 0 0 0 0 0 0 0 0 0 0 0 0 0 0 0 0 0 0 0 0 0 0 0 0 0 0 0 0 0 0 0 0 0 0 0 0 0 0 0 0 0 0 0 0 0 0 0 0 0 0 0 0 0 0 0 0 0 0 0 0 0 0 0 0 0 0 0 0 0 0 0 0 0 0 0 0 0 0 0 0 0 0 0 0 0 0 0 0 0 0 0 0 0 0 0 0 0 0 0 0 0 0 0 0 0 0 0 0 0 0 0 0 0 0 0 0 0 0 0 0 0 0 0 0 0 0 0 0 0 0 0 0 0 0 0 0 0 0 0 0 0 0 0 0 0 0 0 0 0 0 0 0 0 0 0 0 0 0 0 0 0 0 0 0 0 0 0 0 0 0 0 0 0 0 0 0 0 0 0 0 0 0 0 0 0 0 0 0 0 0 0 0 0 0 0 0 0]
[1;37m integrate approx hint [0m [0m (conditionning) [0m [3;31m 	 Unworthy hint, Forced it. [0m
[1;37m integrate approx hint [0m [0m (conditionning) [0m [3;31m 	 Unworthy hint, Forced it. [0m
[1;37m integrate approx hint [0m [0m (conditionning) [0m [3;31m 	 Unworthy hint, Forced it. [0m
[1;37m integrate approx hint [0m [0m (conditionning) [0m [3;31m 	 Unworthy hint, Forced it. [0m
[1;37m integrate approx hint [0m [0m (conditionning) [0m [3;31m 	 Unworthy hint, Forced it. [0m
[1;37m integrate approx hint [0m [0m (conditionning) [0m [3;31m 	 Unworthy hint, Forced it. [0m
[1;37m integrate approx hint [0m [0m (conditionning) [0m [3;31m 	 Unworthy hint, Forced it. [0m
[1;37m integrate approx hint [0m [0m (conditionning) [0m [3;31m 	 Unworthy hint, Forced it. [0m
[1;37m integrate approx hint [0m [0m (conditionning) [0m [3;31m 	 Unworthy hint, Forced it. [0m
[1;37m integrate approx hint [0m [0m (conditionning) [0m [3;31m 	 Unworthy hint, Forced it. [0m
[1;37m integrate approx hint [0m [0m (conditionning) [0m [3;31m 	 Unworthy hint, Forced it. [0m
[1;37m integrate approx hint [0m [0m (conditionning) [0m [3;31m 	 Unworthy hint, Forced it. [0m
[1;37m integrate approx hint [0m [0m (conditionning) [0m [3;31m 	 Unworthy hint, Forced it. [0m
[1;37m integrate approx hint [0m [0m (conditionning) [0m [3;31m 	 Unworthy hint, Forced it. [0m
[1;37m integrate approx hint [0m [0m (conditionning) [0m [3;31m 	 Unworthy hint, Forced it. [0m
[1;37m integrate approx hint [0m [0m (conditionning) [0m [3;31m 	 Unworthy hint, Forced it. [0m
[1;37m integrate approx hint [0m [0m (conditionning) [0m [3;31m 	 Unworthy hint, Forced it. [0m
[1;37m integrate approx hint [0m [0m (conditionning) [0m [3;31m 	 Unworthy hint, Forced it. [0m
[1;37m integrate approx hint [0m [0m (conditionning) [0m [3;31m 	 Unworthy hint, Forced it. [0m
[1;37m integrate approx hint [0m [0m (conditionning) [0m [3;31m 	 Unworthy hint, Forced it. [0m
[1;37m integrate approx hint [0m [0m (conditionning) [0m [3;31m 	 Unworthy hint, Forced it. [0m
[1;37m integrate approx hint [0m [0m (conditionning) [0m [3;31m 	 Unworthy hint, Forced it. [0m
[1;37m integrate approx hint [0m [0m (conditionning) [0m [3;31m 	 Unworthy hint, Forced it. [0m
[1;37m integrate approx hint [0m [0m (conditionning) [0m [3;31m 	 Unworthy hint, Forced it. [0m
[1;37m integrate approx hint [0m [0m (conditionning) [0m [3;31m 	 Unworthy hint, Forced it. [0m
[1;37m integrate approx hint [0m [0m (conditionning) [0m [3;31m 	 Unworthy hint, Forced it. [0m
[1;37m integrate approx hint [0m [0m (conditionning) [0m [3;31m 	 Unworthy hint, Forced it. [0m
[1;37m integrate approx hint [0m [0m (conditionning) [0m [3;31m 	 Unworthy hint, Forced it. [0m
[1;37m integrate approx hint [0m [0m (conditionning) [0m [3;31m 	 Unworthy hint, Forced it. [0m
[1;37m integrate approx hint [0m [0m (conditionning) [0m [3;31m 	 Unworthy hint, Forced it. [0m
[1;37m integrate approx hint [0m [0m (conditionning) [0m [3;31m 	 Unworthy hint, Forced it. [0m
[1;37m integrate approx hint [0m [0m (conditionning) [0m [3;31m 	 Unworthy hint, Forced it. [0m
[1;37m integrate approx hint [0m [0m (conditionning) [0m [3;31m 	 Unworthy hint, Forced it. [0m
[1;37m integrate approx hint [0m [0m (conditionning) [0m [3;31m 	 Unworthy hint, Forced it. [0m
[1;37m integrate approx hint [0m [0m (conditionning) [0m [3;31m 	 Unworthy hint, Forced it. [0m
[1;37m integrate approx hint [0m [0m (conditionning) [0m [3;31m 	 Unworthy hint, Forced it. [0m
[1;37m integrate approx hint [0m [0m (conditionning) [0m [3;31m 	 Unworthy hint, Forced it. [0m
[1;37m integrate approx hint [0m [0m (conditionning) [0m [3;31m 	 Unworthy hint, Forced it. [0m
[1;37m integrate approx hint [0m [0m (conditionning) [0m [3;31m 	 Unworthy hint, Forced it. [0m
[1;37m integrate approx hint [0m [0m (conditionning) [0m [3;31m 	 Unworthy hint, Forced it. [0m
[1;37m integrate approx hint [0m [0m (conditionning) [0m [3;31m 	 Unworthy hint, Forced it. [0m
[1;37m integrate approx hint [0m [0m (conditionning) [0m [3;31m 	 Unworthy hint, Forced it. [0m
[1;37m integrate approx hint [0m [0m (conditionning) [0m [3;31m 	 Unworthy hint, Forced it. [0m
[1;37m integrate approx hint [0m [0m (conditionning) [0m [3;31m 	 Unworthy hint, Forced it. [0m
[1;37m integrate approx hint [0m [0m (conditionning) [0m [3;31m 	 Unworthy hint, Forced it. [0m
[1;37m integrate approx hint [0m [0m (conditionning) [0m [3;31m 	 Unworthy hint, Forced it. [0m
[1;37m integrate approx hint [0m [0m (conditionning) [0m [3;31m 	 Unworthy hint, Forced it. [0m
[1;37m integrate approx hint [0m [0m (conditionning) [0m [3;31m 	 Unworthy hint, Forced it. [0m
[1;37m integrate approx hint [0m [0m (conditionning) [0m [3;31m 	 Unworthy hint, Forced it. [0m
[1;37m integrate approx hint [0m [0m (conditionning) [0m [3;31m 	 Unworthy hint, Forced it. [0m
[1;37m integrate approx hint [0m [0m (conditionning) [0m [3;31m 	 Unworthy hint, Forced it. [0m
[1;37m integrate approx hint [0m [0m (conditionning) [0m [3;31m 	 Unworthy hint, Forced it. [0m
[1;37m integrate approx hint [0m [0m (conditionning) [0m [3;31m 	 Unworthy hint, Forced it. [0m
[1;37m integrate approx hint [0m [0m (conditionning) [0m [3;31m 	 Unworthy hint, Forced it. [0m
[1;37m integrate approx hint [0m [0m (conditionning) [0m [3;31m 	 Unworthy hint, Forced it. [0m
[1;37m integrate approx hint [0m [0m (conditionning) [0m [3;31m 	 Unworthy hint, Forced it. [0m
[1;37m integrate approx hint [0m [0m (conditionning) [0m [3;31m 	 Unworthy hint, Forced it. [0m
[1;37m integrate approx hint [0m [0m (conditionning) [0m [3;31m 	 Unworthy hint, Forced it. [0m
[1;37m integrate approx hint [0m [0m (conditionning) [0m [3;31m 	 Unworthy hint, Forced it. [0m
[1;37m integrate approx hint [0m [0m (conditionning) [0m [3;31m 	 Unworthy hint, Forced it. [0m
[1;37m integrate approx hint [0m [0m (conditionning) [0m [3;31m 	 Unworthy hint, Forced it. [0m
[1;37m integrate approx hint [0m [0m (conditionning) [0m [3;31m 	 Unworthy hint, Forced it. [0m
[1;37m integrate approx hint [0m [0m (conditionning) [0m [3;31m 	 Unworthy hint, Forced it. [0m
[1;37m integrate approx hint [0m [0m (conditionning) [0m [3;31m 	 Unworthy hint, Forced it. [0m
[1;37m integrate approx hint [0m [0m (conditionning) [0m [3;31m 	 Unworthy hint, Forced it. [0m
[1;37m integrate approx hint [0m [0m (conditionning) [0m [3;31m 	 Unworthy hint, Forced it. [0m
[1;37m integrate approx hint [0m [0m (conditionning) [0m [3;31m 	 Unworthy hint, Forced it. [0m
[1;37m integrate approx hint [0m [0m (conditionning) [0m [3;31m 	 Unworthy hint, Forced it. [0m
[1;37m integrate approx hint [0m [0m (conditionning) [0m [3;31m 	 Unworthy hint, Forced it. [0m
[1;37m integrate approx hint [0m [0m (conditionning) [0m [3;31m 	 Unworthy hint, Forced it. [0m
[1;37m integrate approx hint [0m [0m (conditionning) [0m [3;31m 	 Unworthy hint, Forced it. [0m
[1;37m integrate approx hint [0m [0m (conditionning) [0m [3;31m 	 Unworthy hint, Forced it. [0m
[1;37m integrate approx hint [0m [0m (conditionning) [0m [3;31m 	 Unworthy hint, Forced it. [0m
[1;37m integrate approx hint [0m [0m (conditionning) [0m [3;31m 	 Unworthy hint, Forced it. [0m
[1;37m integrate approx hint [0m [0m (conditionning) [0m [3;31m 	 Unworthy hint, Forced it. [0m
[1;37m integrate approx hint [0m [0m (conditionning) [0m [3;31m 	 Unworthy hint, Forced it. [0m
[1;37m integrate approx hint [0m [0m (conditionning) [0m [3;31m 	 Unworthy hint, Forced it. [0m
[1;37m integrate approx hint [0m [0m (conditionning) [0m [3;31m 	 Unworthy hint, Forced it. [0m
[1;37m integrate approx hint [0m [0m (conditionning) [0m [3;31m 	 Unworthy hint, Forced it. [0m
[1;37m integrate approx hint [0m [0m (conditionning) [0m [3;31m 	 Unworthy hint, Forced it. [0m
[1;37m integrate approx hint [0m [0m (conditionning) [0m [3;31m 	 Unworthy hint, Forced it. [0m
[1;37m integrate approx hint [0m [0m (conditionning) [0m [3;31m 	 Unworthy hint, Forced it. [0m
[1;37m integrate approx hint [0m [0m (conditionning) [0m [3;31m 	 Unworthy hint, Forced it. [0m
[1;37m integrate approx hint [0m [0m (conditionning) [0m [3;31m 	 Unworthy hint, Forced it. [0m
[1;37m integrate approx hint [0m [0m (conditionning) [0m [3;31m 	 Unworthy hint, Forced it. [0m
[1;37m integrate approx hint [0m [0m (conditionning) [0m [3;31m 	 Unworthy hint, Forced it. [0m
[1;37m integrate approx hint [0m [0m (conditionning) [0m [3;31m 	 Unworthy hint, Forced it. [0m
[1;37m integrate approx hint [0m [0m (conditionning) [0m [3;31m 	 Unworthy hint, Forced it. [0m
[1;37m integrate approx hint [0m [0m (conditionning) [0m [3;31m 	 Unworthy hint, Forced it. [0m
[1;37m integrate approx hint [0m [0m (conditionning) [0m [3;31m 	 Unworthy hint, Forced it. [0m
[1;37m integrate approx hint [0m [0m (conditionning) [0m [3;31m 	 Unworthy hint, Forced it. [0m
[1;37m integrate approx hint [0m [0m (conditionning) [0m [3;31m 	 Unworthy hint, Forced it. [0m
[1;37m integrate approx hint [0m [0m (conditionning) [0m [3;31m 	 Unworthy hint, Forced it. [0m
[1;37m integrate approx hint [0m [0m (conditionning) [0m [3;31m 	 Unworthy hint, Forced it. [0m
[1;37m integrate approx hint [0m [0m (conditionning) [0m [3;31m 	 Unworthy hint, Forced it. [0m
[1;37m integrate approx hint [0m [0m (conditionning) [0m [3;31m 	 Unworthy hint, Forced it. [0m
[1;37m integrate approx hint [0m [0m (conditionning) [0m [3;31m 	 Unworthy hint, Forced it. [0m
[1;37m integrate approx hint [0m [0m (conditionning) [0m [3;31m 	 Unworthy hint, Forced it. [0m
[1;37m integrate approx hint [0m [0m (conditionning) [0m [3;31m 	 Unworthy hint, Forced it. [0m
[1;37m integrate approx hint [0m [0m (conditionning) [0m [3;31m 	 Unworthy hint, Forced it. [0m
[1;37m integrate approx hint [0m [0m (conditionning) [0m [3;31m 	 Unworthy hint, Forced it. [0m
[1;37m integrate approx hint [0m [0m (conditionning) [0m [3;31m 	 Unworthy hint, Forced it. [0m
[1;37m integrate approx hint [0m [0m (conditionning) [0m [3;31m 	 Unworthy hint, Forced it. [0m
[1;37m integrate approx hint [0m [0m (conditionning) [0m [3;31m 	 Unworthy hint, Forced it. [0m
[1;37m integrate approx hint [0m [0m (conditionning) [0m [3;31m 	 Unworthy hint, Forced it. [0m
[1;37m integrate approx hint [0m [0m (conditionning) [0m [3;31m 	 Unworthy hint, Forced it. [0m
[1;37m integrate approx hint [0m [0m (conditionning) [0m [3;31m 	 Unworthy hint, Forced it. [0m
[1;37m integrate approx hint [0m [0m (conditionning) [0m [3;31m 	 Unworthy hint, Forced it. [0m
[1;37m integrate approx hint [0m [0m (conditionning) [0m [3;31m 	 Unworthy hint, Forced it. [0m
[1;37m integrate approx hint [0m [0m (conditionning) [0m [3;31m 	 Unworthy hint, Forced it. [0m
[1;37m integrate approx hint [0m [0m (conditionning) [0m [3;31m 	 Unworthy hint, Forced it. [0m
[1;37m integrate approx hint [0m [0m (conditionning) [0m [3;31m 	 Unworthy hint, Forced it. [0m
[1;37m integrate approx hint [0m [0m (conditionning) [0m [3;31m 	 Unworthy hint, Forced it. [0m
[1;37m integrate approx hint [0m [0m (conditionning) [0m [3;31m 	 Unworthy hint, Forced it. [0m
[1;37m integrate approx hint [0m [0m (conditionning) [0m [3;31m 	 Unworthy hint, Forced it. [0m
[1;37m integrate approx hint [0m [0m (conditionning) [0m [3;31m 	 Unworthy hint, Forced it. [0m
[1;37m integrate approx hint [0m [0m (conditionning) [0m [3;31m 	 Unworthy hint, Forced it. [0m
[1;37m integrate approx hint [0m [0m (conditionning) [0m [3;31m 	 Unworthy hint, Forced it. [0m
[1;37m integrate approx hint [0m [0m (conditionning) [0m [3;31m 	 Unworthy hint, Forced it. [0m
[1;37m integrate approx hint [0m [0m (conditionning) [0m [3;31m 	 Unworthy hint, Forced it. [0m
[1;37m integrate approx hint [0m [0m (conditionning) [0m [3;31m 	 Unworthy hint, Forced it. [0m
[1;37m integrate approx hint [0m [0m (conditionning) [0m [3;31m 	 Unworthy hint, Forced it. [0m
[1;37m integrate approx hint [0m [0m (conditionning) [0m [3;31m 	 Unworthy hint, Forced it. [0m
[1;37m integrate approx hint [0m [0m (conditionning) [0m [3;31m 	 Unworthy hint, Forced it. [0m
[1;37m integrate approx hint [0m [0m (conditionning) [0m [3;31m 	 Unworthy hint, Forced it. [0m
[1;37m integrate approx hint [0m [0m (conditionning) [0m [3;31m 	 Unworthy hint, Forced it. [0m
[1;37m integrate approx hint [0m [0m (conditionning) [0m [3;31m 	 Unworthy hint, Forced it. [0m
[1;37m integrate approx hint [0m [0m (conditionning) [0m [3;31m 	 Unworthy hint, Forced it. [0m
[1;37m integrate approx hint [0m [0m (conditionning) [0m [3;31m 	 Unworthy hint, Forced it. [0m
[1;37m integrate approx hint [0m [0m (conditionning) [0m [3;31m 	 Unworthy hint, Forced it. [0m
[1;37m integrate approx hint [0m [0m (conditionning) [0m [3;31m 	 Unworthy hint, Forced it. [0m
[1;37m integrate approx hint [0m [0m (conditionning) [0m [3;31m 	 Unworthy hint, Forced it. [0m
[1;37m integrate approx hint [0m [0m (conditionning) [0m [3;31m 	 Unworthy hint, Forced it. [0m
[1;37m integrate approx hint [0m [0m (conditionning) [0m [3;31m 	 Unworthy hint, Forced it. [0m
[1;37m integrate approx hint [0m [0m (conditionning) [0m [3;31m 	 Unworthy hint, Forced it. [0m
[1;37m integrate approx hint [0m [0m (conditionning) [0m [3;31m 	 Unworthy hint, Forced it. [0m
[1;37m integrate approx hint [0m [0m (conditionning) [0m [3;31m 	 Unworthy hint, Forced it. [0m
[1;37m integrate approx hint [0m [0m (conditionning) [0m [3;31m 	 Unworthy hint, Forced it. [0m
[1;37m integrate approx hint [0m [0m (conditionning) [0m [3;31m 	 Unworthy hint, Forced it. [0m
[1;37m integrate approx hint [0m [0m (conditionning) [0m [3;31m 	 Unworthy hint, Forced it. [0m
[1;37m integrate approx hint [0m [0m (conditionning) [0m [3;31m 	 Unworthy hint, Forced it. [0m
[1;37m integrate approx hint [0m [0m (conditionning) [0m [3;31m 	 Unworthy hint, Forced it. [0m
[1;37m integrate approx hint [0m [0m (conditionning) [0m [3;31m 	 Unworthy hint, Forced it. [0m
[1;37m integrate approx hint [0m [0m (conditionning) [0m [3;31m 	 Unworthy hint, Forced it. [0m
[1;37m integrate approx hint [0m [0m (conditionning) [0m [3;31m 	 Unworthy hint, Forced it. [0m
[1;37m integrate approx hint [0m [0m (conditionning) [0m [3;31m 	 Unworthy hint, Forced it. [0m
[1;37m integrate approx hint [0m [0m (conditionning) [0m [3;31m 	 Unworthy hint, Forced it. [0m
[1;37m integrate approx hint [0m [0m (conditionning) [0m [3;31m 	 Unworthy hint, Forced it. [0m
[1;37m integrate approx hint [0m [0m (conditionning) [0m [3;31m 	 Unworthy hint, Forced it. [0m
[1;37m integrate approx hint [0m [0m (conditionning) [0m [3;31m 	 Unworthy hint, Forced it. [0m
[1;37m integrate approx hint [0m [0m (conditionning) [0m [3;31m 	 Unworthy hint, Forced it. [0m
[1;37m integrate approx hint [0m [0m (conditionning) [0m [3;31m 	 Unworthy hint, Forced it. [0m
[1;37m integrate approx hint [0m [0m (conditionning) [0m [3;31m 	 Unworthy hint, Forced it. [0m
[1;37m integrate approx hint [0m [0m (conditionning) [0m [3;31m 	 Unworthy hint, Forced it. [0m
[1;37m integrate approx hint [0m [0m (conditionning) [0m [3;31m 	 Unworthy hint, Forced it. [0m
[1;37m integrate approx hint [0m [0m (conditionning) [0m [3;31m 	 Unworthy hint, Forced it. [0m
[1;37m integrate approx hint [0m [0m (conditionning) [0m [3;31m 	 Unworthy hint, Forced it. [0m
[1;37m integrate approx hint [0m [0m (conditionning) [0m [3;31m 	 Unworthy hint, Forced it. [0m
[1;37m integrate approx hint [0m [0m (conditionning) [0m [3;31m 	 Unworthy hint, Forced it. [0m
[1;37m integrate approx hint [0m [0m (conditionning) [0m [3;31m 	 Unworthy hint, Forced it. [0m
[1;37m integrate approx hint [0m [0m (conditionning) [0m [3;31m 	 Unworthy hint, Forced it. [0m
[1;37m integrate approx hint [0m [0m (conditionning) [0m [3;31m 	 Unworthy hint, Forced it. [0m
[1;37m integrate approx hint [0m [0m (conditionning) [0m [3;31m 	 Unworthy hint, Forced it. [0m
[1;37m integrate approx hint [0m [0m (conditionning) [0m [3;31m 	 Unworthy hint, Forced it. [0m
[1;37m integrate approx hint [0m [0m (conditionning) [0m [3;31m 	 Unworthy hint, Forced it. [0m
[1;37m integrate approx hint [0m [0m (conditionning) [0m [3;31m 	 Unworthy hint, Forced it. [0m
[1;37m integrate approx hint [0m [0m (conditionning) [0m [3;31m 	 Unworthy hint, Forced it. [0m
[1;37m integrate approx hint [0m [0m (conditionning) [0m [3;31m 	 Unworthy hint, Forced it. [0m
[1;37m integrate approx hint [0m [0m (conditionning) [0m [3;31m 	 Unworthy hint, Forced it. [0m
[1;37m integrate approx hint [0m [0m (conditionning) [0m [3;31m 	 Unworthy hint, Forced it. [0m
[1;37m integrate approx hint [0m [0m (conditionning) [0m [3;31m 	 Unworthy hint, Forced it. [0m
[1;37m integrate approx hint [0m [0m (conditionning) [0m [3;31m 	 Unworthy hint, Forced it. [0m
[1;37m integrate approx hint [0m [0m (conditionning) [0m [3;31m 	 Unworthy hint, Forced it. [0m
[1;37m integrate approx hint [0m [0m (conditionning) [0m [3;31m 	 Unworthy hint, Forced it. [0m
[1;37m integrate approx hint [0m [0m (conditionning) [0m [3;31m 	 Unworthy hint, Forced it. [0m
[1;37m integrate approx hint [0m [0m (conditionning) [0m [3;31m 	 Unworthy hint, Forced it. [0m
[1;37m integrate approx hint [0m [0m (conditionning) [0m [3;31m 	 Unworthy hint, Forced it. [0m
[1;37m integrate approx hint [0m [0m (conditionning) [0m [3;31m 	 Unworthy hint, Forced it. [0m
[1;37m integrate approx hint [0m [0m (conditionning) [0m [3;31m 	 Unworthy hint, Forced it. [0m
[1;37m integrate approx hint [0m [0m (conditionning) [0m [3;31m 	 Unworthy hint, Forced it. [0m
[1;37m integrate approx hint [0m [0m (conditionning) [0m [3;31m 	 Unworthy hint, Forced it. [0m
[1;37m integrate approx hint [0m [0m (conditionning) [0m [3;31m 	 Unworthy hint, Forced it. [0m
[1;37m integrate approx hint [0m [0m (conditionning) [0m [3;31m 	 Unworthy hint, Forced it. [0m
[1;37m integrate approx hint [0m [0m (conditionning) [0m [3;31m 	 Unworthy hint, Forced it. [0m
[1;37m integrate approx hint [0m [0m (conditionning) [0m [3;31m 	 Unworthy hint, Forced it. [0m
[1;37m integrate approx hint [0m [0m (conditionning) [0m [3;31m 	 Unworthy hint, Forced it. [0m
[1;37m integrate approx hint [0m [0m (conditionning) [0m [3;31m 	 Unworthy hint, Forced it. [0m
[1;37m integrate approx hint [0m [0m (conditionning) [0m [3;31m 	 Unworthy hint, Forced it. [0m
[1;37m integrate approx hint [0m [0m (conditionning) [0m [3;31m 	 Unworthy hint, Forced it. [0m
[1;37m integrate approx hint [0m [0m (conditionning) [0m [3;31m 	 Unworthy hint, Forced it. [0m
[1;37m integrate approx hint [0m [0m (conditionning) [0m [3;31m 	 Unworthy hint, Forced it. [0m
[1;37m integrate approx hint [0m [0m (conditionning) [0m [3;31m 	 Unworthy hint, Forced it. [0m
[1;37m integrate approx hint [0m [0m (conditionning) [0m [3;31m 	 Unworthy hint, Forced it. [0m
[1;37m integrate approx hint [0m [0m (conditionning) [0m [3;31m 	 Unworthy hint, Forced it. [0m
[1;37m integrate approx hint [0m [0m (conditionning) [0m [3;31m 	 Unworthy hint, Forced it. [0m
[1;37m integrate approx hint [0m [0m (conditionning) [0m [3;31m 	 Unworthy hint, Forced it. [0m
[1;37m integrate approx hint [0m [0m (conditionning) [0m [3;31m 	 Unworthy hint, Forced it. [0m
[1;37m integrate approx hint [0m [0m (conditionning) [0m [3;31m 	 Unworthy hint, Forced it. [0m
[1;37m integrate approx hint [0m [0m (conditionning) [0m [3;31m 	 Unworthy hint, Forced it. [0m
[1;37m integrate approx hint [0m [0m (conditionning) [0m [3;31m 	 Unworthy hint, Forced it. [0m
[1;37m integrate approx hint [0m [0m (conditionning) [0m [3;31m 	 Unworthy hint, Forced it. [0m
[1;37m integrate approx hint [0m [0m (conditionning) [0m [3;31m 	 Unworthy hint, Forced it. [0m
[1;37m integrate approx hint [0m [0m (conditionning) [0m [3;31m 	 Unworthy hint, Forced it. [0m
[1;37m integrate approx hint [0m [0m (conditionning) [0m [3;31m 	 Unworthy hint, Forced it. [0m
[1;37m integrate approx hint [0m [0m (conditionning) [0m [3;31m 	 Unworthy hint, Forced it. [0m
[1;37m integrate approx hint [0m [0m (conditionning) [0m [3;31m 	 Unworthy hint, Forced it. [0m
[1;37m integrate approx hint [0m [0m (conditionning) [0m [3;31m 	 Unworthy hint, Forced it. [0m
[1;37m integrate approx hint [0m [0m (conditionning) [0m [3;31m 	 Unworthy hint, Forced it. [0m
[1;37m integrate approx hint [0m [0m (conditionning) [0m [3;31m 	 Unworthy hint, Forced it. [0m
[1;37m integrate approx hint [0m [0m (conditionning) [0m [3;31m 	 Unworthy hint, Forced it. [0m
[1;37m integrate approx hint [0m [0m (conditionning) [0m [3;31m 	 Unworthy hint, Forced it. [0m
[1;37m integrate approx hint [0m [0m (conditionning) [0m [3;31m 	 Unworthy hint, Forced it. [0m
[1;37m integrate approx hint [0m [0m (conditionning) [0m [3;31m 	 Unworthy hint, Forced it. [0m
[1;37m integrate approx hint [0m [0m (conditionning) [0m [3;31m 	 Unworthy hint, Forced it. [0m
[1;37m integrate approx hint [0m [0m (conditionning) [0m [3;31m 	 Unworthy hint, Forced it. [0m
[1;37m integrate approx hint [0m [0m (conditionning) [0m [3;31m 	 Unworthy hint, Forced it. [0m
[1;37m integrate approx hint [0m [0m (conditionning) [0m [3;31m 	 Unworthy hint, Forced it. [0m
[1;37m integrate approx hint [0m [0m (conditionning) [0m [3;31m 	 Unworthy hint, Forced it. [0m
[1;37m integrate approx hint [0m [0m (conditionning) [0m [3;31m 	 Unworthy hint, Forced it. [0m
[1;37m integrate approx hint [0m [0m (conditionning) [0m [3;31m 	 Unworthy hint, Forced it. [0m
[1;37m integrate approx hint [0m [0m (conditionning) [0m [3;31m 	 Unworthy hint, Forced it. [0m
[1;37m integrate approx hint [0m [0m (conditionning) [0m [3;31m 	 Unworthy hint, Forced it. [0m
[1;37m integrate approx hint [0m [0m (conditionning) [0m [3;31m 	 Unworthy hint, Forced it. [0m
[1;37m integrate approx hint [0m [0m (conditionning) [0m [3;31m 	 Unworthy hint, Forced it. [0m
[1;37m integrate approx hint [0m [0m (conditionning) [0m [3;31m 	 Unworthy hint, Forced it. [0m
[1;37m integrate approx hint [0m [0m (conditionning) [0m [3;31m 	 Unworthy hint, Forced it. [0m
[1;37m integrate approx hint [0m [0m (conditionning) [0m [3;31m 	 Unworthy hint, Forced it. [0m
[1;37m integrate approx hint [0m [0m (conditionning) [0m [3;31m 	 Unworthy hint, Forced it. [0m
[1;37m integrate approx hint [0m [0m (conditionning) [0m [3;31m 	 Unworthy hint, Forced it. [0m
[1;37m integrate approx hint [0m [0m (conditionning) [0m [3;31m 	 Unworthy hint, Forced it. [0m
[1;37m integrate approx hint [0m [0m (conditionning) [0m [3;31m 	 Unworthy hint, Forced it. [0m
[1;37m integrate approx hint [0m [0m (conditionning) [0m [3;31m 	 Unworthy hint, Forced it. [0m
[1;37m integrate approx hint [0m [0m (conditionning) [0m [3;31m 	 Unworthy hint, Forced it. [0m
[1;37m integrate approx hint [0m [0m (conditionning) [0m [3;31m 	 Unworthy hint, Forced it. [0m
[1;37m integrate approx hint [0m [0m (conditionning) [0m [3;31m 	 Unworthy hint, Forced it. [0m
[1;37m integrate approx hint [0m [0m (conditionning) [0m [3;31m 	 Unworthy hint, Forced it. [0m
[1;37m integrate approx hint [0m [0m (conditionning) [0m [3;31m 	 Unworthy hint, Forced it. [0m
[1;37m integrate approx hint [0m [0m (conditionning) [0m [3;31m 	 Unworthy hint, Forced it. [0m
[1;37m integrate approx hint [0m [0m (conditionning) [0m [3;31m 	 Unworthy hint, Forced it. [0m
[1;37m integrate approx hint [0m [0m (conditionning) [0m [3;31m 	 Unworthy hint, Forced it. [0m
[1;37m integrate approx hint [0m [0m (conditionning) [0m [3;31m 	 Unworthy hint, Forced it. [0m
[1;37m integrate approx hint [0m [0m (conditionning) [0m [3;31m 	 Unworthy hint, Forced it. [0m
[1;37m integrate approx hint [0m [0m (conditionning) [0m [3;31m 	 Unworthy hint, Forced it. [0m
[1;37m integrate approx hint [0m [0m (conditionning) [0m [3;31m 	 Unworthy hint, Forced it. [0m
[1;37m integrate approx hint [0m [0m (conditionning) [0m [3;31m 	 Unworthy hint, Forced it. [0m
[1;37m integrate approx hint [0m [0m (conditionning) [0m [3;31m 	 Unworthy hint, Forced it. [0m
[1;37m integrate approx hint [0m [0m (conditionning) [0m [3;31m 	 Unworthy hint, Forced it. [0m
[1;37m integrate approx hint [0m [0m (conditionning) [0m [3;31m 	 Unworthy hint, Forced it. [0m
[1;37m integrate approx hint [0m [0m (conditionning) [0m [3;31m 	 Unworthy hint, Forced it. [0m
[1;37m integrate approx hint [0m [0m (conditionning) [0m [3;31m 	 Unworthy hint, Forced it. [0m
[1;37m integrate approx hint [0m [0m (conditionning) [0m [3;31m 	 Unworthy hint, Forced it. [0m
[1;37m integrate approx hint [0m [0m (conditionning) [0m [3;31m 	 Unworthy hint, Forced it. [0m
[1;37m integrate approx hint [0m [0m (conditionning) [0m [3;31m 	 Unworthy hint, Forced it. [0m
[1;37m integrate approx hint [0m [0m (conditionning) [0m [3;31m 	 Unworthy hint, Forced it. [0m
[1;37m integrate approx hint [0m [0m (conditionning) [0m [3;31m 	 Unworthy hint, Forced it. [0m
[1;37m integrate approx hint [0m [0m (conditionning) [0m [3;31m 	 Unworthy hint, Forced it. [0m
[4;37m       Attack Estimation      [0m
[1;33m dim=512 	 δ=1.003694 	 β=445.55  [0m
[0m  [0m
[4;37m       Running the Attack      [0m
[0m Running BKZ-2 [0m Exception type: ReductionError
[4;37m      Build EBDD from LWE      [0m
[1;33m n=256 	 m=256 	 q=7681 [0m
[4;37m       Attack Estimation      [0m
[1;33m dim=512 	 δ=0.000000 	 β=9999.00  [0m
[0m  [0m
[4;37m       Running the Attack      [0m
Exception type: LinAlgError
